// Jest Snapshot v1, https://goo.gl/fbAQLP

exports[`tapEntry should throw when receiving a string 1`] = `"error-overlay-webpack-plugin does not support string entry"`;
